
> rsalcara@1.0.0 build
> tsc

node.exe : node:intern
al/modules/cjs/loader:
1458
No linha:1 caractere:1
+ & "C:\Program 
Files/node.exe" "C:\Us
ers\ALFA\AppData\Roami
ng\npm/node ...
+ ~~~~~~~~~~~~~~~~~~~~
~~~~~~~~~~~~~~~~~~~~~~
~~~~~~~~~~~~~~~~~~~~~~
~~~~~
    + CategoryInfo    
          : NotSpeci  
  fied: (node:inter   
 nal/modules/cjs/l    
oader:1458:String    
) [], RemoteExcep    
tion
    + FullyQualifiedE 
   rrorId : NativeCo  
  mmandError
 
  throw err;
  ^

Error: Cannot find 
module './_tsc.js'
Require stack:
- C:\Users\ALFA\OneDri
ve\├ürea de Trabalho\b
otoes\baileys_interact
ive\node_modules\types
cript\lib\tsc.js
- C:\Users\ALFA\OneDri
ve\├ürea de Trabalho\b
otoes\baileys_interact
ive\node_modules\types
cript\bin\tsc
    at Module._resolve
Filename (node:interna
l/modules/cjs/loader:1
455:15)
    at 
defaultResolveImpl (no
de:internal/modules/cj
s/loader:1065:19)
    at resolveForCJSWi
thHooks (node:internal
/modules/cjs/loader:10
70:22)
    at Module._load (n
ode:internal/modules/c
js/loader:1241:25)
    at wrapModuleLoad 
(node:internal/modules
/cjs/loader:255:19)
    at Module.require 
(node:internal/modules
/cjs/loader:1555:12)
    at require (node:i
nternal/modules/helper
s:152:16)
    at 
Object.<anonymous> (C:
\Users\ALFA\OneDrive\├
ürea de Trabalho\botoe
s\baileys_interactive\
node_modules\typescrip
t\lib\tsc.js:8:18)
    at 
Module._compile (node:
internal/modules/cjs/l
oader:1811:14)
    at Object..js (nod
e:internal/modules/cjs
/loader:1942:10) {
  code: 
'MODULE_NOT_FOUND',
  requireStack: [
    'C:\\Users\\ALFA\\
OneDrive\\├ürea de Tra
balho\\botoes\\baileys
_interactive\\node_mod
ules\\typescript\\lib\
\tsc.js',
    'C:\\Users\\ALFA\\
OneDrive\\├ürea de Tra
balho\\botoes\\baileys
_interactive\\node_mod
ules\\typescript\\bin\
\tsc'
  ]
}

Node.js v25.6.1
